Searching for studies matching: Ribo-seq OR 'Ribosome Profiling' OR 'ribosome profiling' OR 'ribo-seq'
Found 658 BioProject IDs
Processing BioProject 1308098 (1/658)
Processing BioProject 1297545 (2/658)
Processing BioProject 1296756 (3/658)
Processing BioProject 1295776 (4/658)
Processing BioProject 1287737 (5/658)
Processing BioProject 1286308 (6/658)
Processing BioProject 1284240 (7/658)
Processing BioProject 1282489 (8/658)
Processing BioProject 1282121 (9/658)
Processing BioProject 1273852 (10/658)
Completed 10/658 studies
Processing BioProject 1270796 (11/658)
Processing BioProject 1270455 (12/658)
Processing BioProject 1270452 (13/658)
Processing BioProject 1263619 (14/658)
Processing BioProject 1263618 (15/658)
Processing BioProject 1258865 (16/658)
Processing BioProject 1254209 (17/658)
Processing BioProject 1250600 (18/658)
Processing BioProject 1246569 (19/658)
Processing BioProject 1245068 (20/658)
Completed 20/658 studies
Processing BioProject 1244127 (21/658)
Processing BioProject 1243989 (22/658)
Processing BioProject 1238387 (23/658)
Processing BioProject 1230555 (24/658)
Processing BioProject 1228532 (25/658)
Processing BioProject 1222576 (26/658)
Processing BioProject 1221137 (27/658)
Processing BioProject 1219079 (28/658)
Processing BioProject 1207466 (29/658)
Processing BioProject 1205218 (30/658)
Completed 30/658 studies
Processing BioProject 1204289 (31/658)
Processing BioProject 1202056 (32/658)
Processing BioProject 1197449 (33/658)
Processing BioProject 1194520 (34/658)
Processing BioProject 1194150 (35/658)
Processing BioProject 1193670 (36/658)
Processing BioProject 1191647 (37/658)
Processing BioProject 1190589 (38/658)
Processing BioProject 1187475 (39/658)
Processing BioProject 1185761 (40/658)
Completed 40/658 studies
Processing BioProject 1176138 (41/658)
Processing BioProject 1173087 (42/658)
Processing BioProject 1172296 (43/658)
Processing BioProject 1170270 (44/658)
Processing BioProject 1166187 (45/658)
Processing BioProject 1165488 (46/658)
Processing BioProject 1162540 (47/658)
Processing BioProject 1161172 (48/658)
Processing BioProject 1160843 (49/658)
Processing BioProject 1159806 (50/658)
Completed 50/658 studies
Processing BioProject 1158872 (51/658)
Processing BioProject 1158871 (52/658)
Processing BioProject 1157223 (53/658)
Processing BioProject 1152441 (54/658)
Processing BioProject 1151704 (55/658)
Processing BioProject 1151690 (56/658)
Processing BioProject 1148496 (57/658)
Processing BioProject 1147306 (58/658)
Processing BioProject 1147293 (59/658)
Processing BioProject 1146784 (60/658)
Completed 60/658 studies
Processing BioProject 1145378 (61/658)
Processing BioProject 1144916 (62/658)
Processing BioProject 1140141 (63/658)
Processing BioProject 1137264 (64/658)
Processing BioProject 1137263 (65/658)
Processing BioProject 1136820 (66/658)
Processing BioProject 1136550 (67/658)
Processing BioProject 1135124 (68/658)
Processing BioProject 1132552 (69/658)
Processing BioProject 1129445 (70/658)
Completed 70/658 studies
Processing BioProject 1129072 (71/658)
Processing BioProject 1124923 (72/658)
Processing BioProject 1124388 (73/658)
Processing BioProject 1123824 (74/658)
Processing BioProject 1122590 (75/658)
Processing BioProject 1122518 (76/658)
Processing BioProject 1121290 (77/658)
Processing BioProject 1121289 (78/658)
Processing BioProject 1120398 (79/658)
Processing BioProject 1116213 (80/658)
Completed 80/658 studies
Processing BioProject 1116206 (81/658)
Processing BioProject 1114884 (82/658)
Processing BioProject 1114693 (83/658)
Processing BioProject 1113713 (84/658)
Processing BioProject 1113597 (85/658)
Processing BioProject 1113147 (86/658)
Processing BioProject 1112384 (87/658)
Processing BioProject 1110494 (88/658)
Processing BioProject 1109711 (89/658)
Processing BioProject 1104552 (90/658)
Completed 90/658 studies
Processing BioProject 1104551 (91/658)
Processing BioProject 1104180 (92/658)
Processing BioProject 1103142 (93/658)
Processing BioProject 1099224 (94/658)
Processing BioProject 1099202 (95/658)
Processing BioProject 1098023 (96/658)
Processing BioProject 1095927 (97/658)
Processing BioProject 1092679 (98/658)
Processing BioProject 1090696 (99/658)
Processing BioProject 1084474 (100/658)
Completed 100/658 studies
Processing BioProject 1083527 (101/658)
Processing BioProject 1083472 (102/658)
Processing BioProject 1083196 (103/658)
Processing BioProject 1083195 (104/658)
Processing BioProject 1083099 (105/658)
Processing BioProject 1080500 (106/658)
Processing BioProject 1080486 (107/658)
Processing BioProject 1080485 (108/658)
Processing BioProject 1080484 (109/658)
Processing BioProject 1076517 (110/658)
Completed 110/658 studies
Processing BioProject 1076512 (111/658)
Processing BioProject 1075071 (112/658)
Processing BioProject 1074242 (113/658)
Processing BioProject 1074219 (114/658)
Processing BioProject 1071981 (115/658)
Processing BioProject 1071174 (116/658)
Processing BioProject 1071172 (117/658)
Processing BioProject 1071171 (118/658)
Processing BioProject 1071162 (119/658)
Processing BioProject 1071161 (120/658)
Completed 120/658 studies
Processing BioProject 1070982 (121/658)
Processing BioProject 1069987 (122/658)
Processing BioProject 1069085 (123/658)
Processing BioProject 1068083 (124/658)
Processing BioProject 1063244 (125/658)
Processing BioProject 1060294 (126/658)
Processing BioProject 1058247 (127/658)
Processing BioProject 1057254 (128/658)
Processing BioProject 1057253 (129/658)
Processing BioProject 1055925 (130/658)
Completed 130/658 studies
Processing BioProject 1055023 (131/658)
Processing BioProject 1054207 (132/658)
Processing BioProject 1051495 (133/658)
Processing BioProject 1051101 (134/658)
Processing BioProject 1050581 (135/658)
Processing BioProject 1049449 (136/658)
Processing BioProject 1049448 (137/658)
Processing BioProject 1049447 (138/658)
Processing BioProject 1049446 (139/658)
Processing BioProject 1049048 (140/658)
Completed 140/658 studies
Processing BioProject 1047636 (141/658)
Processing BioProject 1047529 (142/658)
Processing BioProject 1047524 (143/658)
Processing BioProject 1047263 (144/658)
Processing BioProject 1046463 (145/658)
Processing BioProject 1046396 (146/658)
Processing BioProject 1046391 (147/658)
Processing BioProject 1045659 (148/658)
Processing BioProject 1045657 (149/658)
Processing BioProject 1044801 (150/658)
Completed 150/658 studies
Processing BioProject 1040202 (151/658)
Processing BioProject 1037596 (152/658)
Processing BioProject 1035985 (153/658)
Processing BioProject 1035983 (154/658)
Processing BioProject 1035318 (155/658)
Processing BioProject 1034671 (156/658)
Processing BioProject 1034054 (157/658)
Processing BioProject 1033864 (158/658)
Processing BioProject 1033620 (159/658)
Processing BioProject 1032588 (160/658)
Completed 160/658 studies
Processing BioProject 1031427 (161/658)
Processing BioProject 1028978 (162/658)
Processing BioProject 1028977 (163/658)
Processing BioProject 1028780 (164/658)
Processing BioProject 1028779 (165/658)
Processing BioProject 1028618 (166/658)
Processing BioProject 1027969 (167/658)
Processing BioProject 1027912 (168/658)
Processing BioProject 1024513 (169/658)
Processing BioProject 1024503 (170/658)
Completed 170/658 studies
Processing BioProject 1022765 (171/658)
Processing BioProject 1020634 (172/658)
Processing BioProject 1019929 (173/658)
Processing BioProject 1019502 (174/658)
Processing BioProject 1019380 (175/658)
Processing BioProject 1017530 (176/658)
Processing BioProject 1017399 (177/658)
Processing BioProject 1012978 (178/658)
Processing BioProject 1011928 (179/658)
Processing BioProject 1009809 (180/658)
Completed 180/658 studies
Processing BioProject 1008741 (181/658)
Processing BioProject 1008576 (182/658)
Processing BioProject 1007580 (183/658)
Processing BioProject 1004312 (184/658)
Processing BioProject 1002994 (185/658)
Processing BioProject 1002346 (186/658)
Processing BioProject 1001994 (187/658)
Processing BioProject 998463 (188/658)
Processing BioProject 998462 (189/658)
Processing BioProject 998461 (190/658)
Completed 190/658 studies
Processing BioProject 998460 (191/658)
Processing BioProject 998459 (192/658)
Processing BioProject 998457 (193/658)
Processing BioProject 994860 (194/658)
Processing BioProject 990964 (195/658)
Processing BioProject 990710 (196/658)
Processing BioProject 989871 (197/658)
Processing BioProject 989134 (198/658)
Processing BioProject 986928 (199/658)
Processing BioProject 985711 (200/658)
Completed 200/658 studies
Processing BioProject 982760 (201/658)
Processing BioProject 979342 (202/658)
Processing BioProject 978085 (203/658)
Processing BioProject 978024 (204/658)
Processing BioProject 978023 (205/658)
Processing BioProject 977673 (206/658)
Processing BioProject 975827 (207/658)
Processing BioProject 972712 (208/658)
Processing BioProject 971919 (209/658)
Processing BioProject 971237 (210/658)
Completed 210/658 studies
Processing BioProject 970317 (211/658)
Processing BioProject 967039 (212/658)
Processing BioProject 958219 (213/658)
Processing BioProject 957283 (214/658)
Processing BioProject 956972 (215/658)
Processing BioProject 956925 (216/658)
Processing BioProject 954956 (217/658)
Processing BioProject 954953 (218/658)
Processing BioProject 951511 (219/658)
Processing BioProject 951361 (220/658)
Completed 220/658 studies
Processing BioProject 949707 (221/658)
Processing BioProject 948060 (222/658)
Processing BioProject 947527 (223/658)
Processing BioProject 947526 (224/658)
Processing BioProject 947525 (225/658)
Processing BioProject 947524 (226/658)
Processing BioProject 947523 (227/658)
Processing BioProject 946781 (228/658)
Processing BioProject 945876 (229/658)
Processing BioProject 944706 (230/658)
Completed 230/658 studies
Processing BioProject 944112 (231/658)
Processing BioProject 943116 (232/658)
Processing BioProject 942908 (233/658)
Processing BioProject 941525 (234/658)
Processing BioProject 940452 (235/658)
Processing BioProject 938481 (236/658)
Processing BioProject 933910 (237/658)
Processing BioProject 933811 (238/658)
Processing BioProject 932465 (239/658)
Processing BioProject 930426 (240/658)
Completed 240/658 studies
Processing BioProject 927820 (241/658)
Processing BioProject 926978 (242/658)
Processing BioProject 926487 (243/658)
Processing BioProject 926112 (244/658)
Processing BioProject 926087 (245/658)
Processing BioProject 925168 (246/658)
Processing BioProject 923627 (247/658)
Processing BioProject 918681 (248/658)
Processing BioProject 918680 (249/658)
Processing BioProject 918384 (250/658)
Completed 250/658 studies
Processing BioProject 915110 (251/658)
Processing BioProject 913568 (252/658)
Processing BioProject 912651 (253/658)
Processing BioProject 911466 (254/658)
Processing BioProject 907315 (255/658)
Processing BioProject 906951 (256/658)
Processing BioProject 906650 (257/658)
Processing BioProject 903814 (258/658)
Processing BioProject 902621 (259/658)
Processing BioProject 899535 (260/658)
Completed 260/658 studies
Processing BioProject 898352 (261/658)
Processing BioProject 896508 (262/658)
Processing BioProject 896488 (263/658)
Processing BioProject 895374 (264/658)
Processing BioProject 894460 (265/658)
Processing BioProject 891450 (266/658)
Processing BioProject 890855 (267/658)
Processing BioProject 885130 (268/658)
Processing BioProject 882418 (269/658)
Processing BioProject 877653 (270/658)
Completed 270/658 studies
Processing BioProject 876935 (271/658)
Processing BioProject 873584 (272/658)
Processing BioProject 871254 (273/658)
Processing BioProject 871214 (274/658)
Processing BioProject 870739 (275/658)
Processing BioProject 865860 (276/658)
Processing BioProject 862448 (277/658)
Processing BioProject 861982 (278/658)
Processing BioProject 860962 (279/658)
Processing BioProject 858256 (280/658)
Completed 280/658 studies
Processing BioProject 858047 (281/658)
Processing BioProject 854638 (282/658)
Processing BioProject 852784 (283/658)
Processing BioProject 852547 (284/658)
Processing BioProject 851064 (285/658)
Processing BioProject 850795 (286/658)
Processing BioProject 848829 (287/658)
Processing BioProject 847982 (288/658)
Processing BioProject 844063 (289/658)
Processing BioProject 842067 (290/658)
Completed 290/658 studies
Processing BioProject 839354 (291/658)
Processing BioProject 839351 (292/658)
Processing BioProject 838490 (293/658)
Processing BioProject 837608 (294/658)
Processing BioProject 831863 (295/658)
Processing BioProject 830657 (296/658)
Processing BioProject 822351 (297/658)
Processing BioProject 822292 (298/658)
Processing BioProject 821340 (299/658)
Processing BioProject 817730 (300/658)
Completed 300/658 studies
Processing BioProject 817264 (301/658)
Processing BioProject 816171 (302/658)
Processing BioProject 813625 (303/658)
Processing BioProject 812862 (304/658)
Processing BioProject 811063 (305/658)
Processing BioProject 809655 (306/658)
Processing BioProject 809587 (307/658)
Error processing BioProject 809587: 414 Client Error: Request-URI Too Long for url: https://eutils.ncbi.nlm.nih.gov/entrez/eutils/efetch.fcgi?db=sra&id=809587%2C22054173%2C22054172%2C22054171%2C22054170%2C22054169%2C22054168%2C22054167%2C22054166%2C22054165%2C22054164%2C22054163%2C22054162%2C22054161%2C22054160%2C22054159%2C22054158%2C22054157%2C22054156%2C22054155%2C22054154%2C22054153%2C22054152%2C22054151%2C22054150%2C22054149%2C22054148%2C22054147%2C22054146%2C20211201%2C20211200%2C20211199%2C20211198%2C20211197%2C20211196%2C20211195%2C20211194%2C20211193%2C20211192%2C20211191%2C20211190%2C20211189%2C20211188%2C20211187%2C20211186%2C20211185%2C20211184%2C20211183%2C20211182%2C20211181%2C20211180%2C20211179%2C20211178%2C20211177%2C20211176%2C20211175%2C20211174%2C20211173%2C20211172%2C20211171%2C20211170%2C20211169%2C20211168%2C20211167%2C20211166%2C20211165%2C20211164%2C20211163%2C20211162%2C20211161%2C20211160%2C20211159%2C20211158%2C20211157%2C20211156%2C20211155%2C20211154%2C20211153%2C20211152%2C20211151%2C20211150%2C20211149%2C20211148%2C20211147%2C20211146%2C20211145%2C20211144%2C20211143%2C20211142%2C20211141%2C20211140%2C20211139%2C20211138%2C20211137%2C20211136%2C20211135%2C20211134%2C20211133%2C20211132%2C20211131%2C20211130%2C20211129%2C20211128%2C20211127%2C20211126%2C20211125%2C20211124%2C20211123%2C20211122%2C20211121%2C20211120%2C20211119%2C20211118%2C20211117%2C20211116%2C20211115%2C20211114%2C20211113%2C20211112%2C20211111%2C20211110%2C20211109%2C20211108%2C20211107%2C20211106%2C20211105%2C20211104%2C20211103%2C20211102%2C20211101%2C20211100%2C20211099%2C20211098%2C20211097%2C20211096%2C20211095%2C20211094%2C20211093%2C20211092%2C20211091%2C20211090%2C20211089%2C20211088%2C20211087%2C20211086%2C20211085%2C20211084%2C20211083%2C20211082%2C20211081%2C20211080%2C20211079%2C20211078%2C20211077%2C20211076%2C20211075%2C20211074%2C20211073%2C20211072%2C20211071%2C20211070%2C20211069%2C20211068%2C20211067%2C20211066%2C20211065%2C20211064%2C20211063%2C20211062%2C20211061%2C20211060%2C20211059%2C20211058%2C20211057%2C20211056%2C20211055%2C20211054%2C20211053%2C20211052%2C20211051%2C20211050%2C20211049%2C20211048%2C20211047%2C20211046%2C20211045%2C20211044%2C20211043%2C20211042%2C20211041%2C20211040%2C20211039%2C20211038%2C20211037%2C20211036%2C20211035%2C20211034%2C20211033%2C20211032%2C20211031%2C20211030%2C20211029%2C20211028%2C20211027%2C20211026%2C20211025%2C20211024%2C20211023%2C20211022%2C20211021%2C20211020%2C20211019%2C20211018%2C20211017%2C20211016%2C20211015%2C20211014%2C20211013%2C20211012%2C20211011%2C20211010%2C20211009%2C20211008%2C20211007%2C20211006%2C20211005%2C20211004%2C22054173%2C22054172%2C22054171%2C22054170%2C22054169%2C22054168%2C22054167%2C22054166%2C22054165%2C22054164%2C22054163%2C22054162%2C22054161%2C22054160%2C22054159%2C22054158%2C22054157%2C22054156%2C22054155%2C22054154%2C22054153%2C22054152%2C22054151%2C22054150%2C22054149%2C22054148%2C22054147%2C22054146%2C20211201%2C20211200%2C20211199%2C20211198%2C20211197%2C20211196%2C20211195%2C20211194%2C20211193%2C20211192%2C20211191%2C20211190%2C20211189%2C20211188%2C20211187%2C20211186%2C20211185%2C20211184%2C20211183%2C20211182%2C20211181%2C20211180%2C20211179%2C20211178%2C20211177%2C20211176%2C20211175%2C20211174%2C20211173%2C20211172%2C20211171%2C20211170%2C20211169%2C20211168%2C20211167%2C20211166%2C20211165%2C20211164%2C20211163%2C20211162%2C20211161%2C20211160%2C20211159%2C20211158%2C20211157%2C20211156%2C20211155%2C20211154%2C20211153%2C20211152%2C20211151%2C20211150%2C20211149%2C20211148%2C20211147%2C20211146%2C20211145%2C20211144%2C20211143%2C20211142%2C20211141%2C20211140%2C20211139%2C20211138%2C20211137%2C20211136%2C20211135%2C20211134%2C20211133%2C20211132%2C20211131%2C20211130%2C20211129%2C20211128%2C20211127%2C20211126%2C20211125%2C20211124%2C20211123%2C20211122%2C20211121%2C20211120%2C20211119%2C20211118%2C20211117%2C20211116%2C20211115%2C20211114%2C20211113%2C20211112%2C20211111%2C20211110%2C20211109%2C20211108%2C20211107%2C20211106%2C20211105%2C20211104%2C20211103%2C20211102%2C20211101%2C20211100%2C20211099%2C20211098%2C20211097%2C20211096%2C20211095%2C20211094%2C20211093%2C20211092%2C20211091%2C20211090%2C20211089%2C20211088%2C20211087%2C20211086%2C20211085%2C20211084%2C20211083%2C20211082%2C20211081%2C20211080%2C20211079%2C20211078%2C20211077%2C20211076%2C20211075%2C20211074%2C20211073%2C20211072%2C20211071%2C20211070%2C20211069%2C20211068%2C20211067%2C20211066%2C20211065%2C20211064%2C20211063%2C20211062%2C20211061%2C20211060%2C20211059%2C20211058%2C20211057%2C20211056%2C20211055%2C20211054%2C20211053%2C20211052%2C20211051%2C20211050%2C20211049%2C20211048%2C20211047%2C20211046%2C20211045%2C20211044%2C20211043%2C20211042%2C20211041%2C20211040%2C20211039%2C20211038%2C20211037%2C20211036%2C20211035%2C20211034%2C20211033%2C20211032%2C20211031%2C20211030%2C20211029%2C20211028%2C20211027%2C20211026%2C20211025%2C20211024%2C20211023%2C20211022%2C20211021%2C20211020%2C20211019%2C20211018%2C20211017%2C20211016%2C20211015%2C20211014%2C20211013%2C20211012%2C20211011%2C20211010%2C20211009%2C20211008%2C20211007%2C20211006%2C20211005%2C20211004&retmode=xml
Processing BioProject 806948 (308/658)
Processing BioProject 806946 (309/658)
Processing BioProject 803443 (310/658)
Completed 310/658 studies
Processing BioProject 801861 (311/658)
Processing BioProject 801130 (312/658)
Processing BioProject 798426 (313/658)
Processing BioProject 795419 (314/658)
Processing BioProject 794846 (315/658)
Processing BioProject 794163 (316/658)
Processing BioProject 794153 (317/658)
Processing BioProject 793438 (318/658)
Processing BioProject 792575 (319/658)
Processing BioProject 789542 (320/658)
Completed 320/658 studies
Processing BioProject 789247 (321/658)
Processing BioProject 789243 (322/658)
Processing BioProject 789173 (323/658)
Processing BioProject 787943 (324/658)
Processing BioProject 785666 (325/658)
Processing BioProject 784790 (326/658)
Processing BioProject 782500 (327/658)
Processing BioProject 780148 (328/658)
Processing BioProject 779948 (329/658)
Processing BioProject 779461 (330/658)
Completed 330/658 studies
Processing BioProject 779283 (331/658)
Processing BioProject 778050 (332/658)
Processing BioProject 777454 (333/658)
Processing BioProject 776890 (334/658)
Processing BioProject 774895 (335/658)
Processing BioProject 774057 (336/658)
Processing BioProject 773909 (337/658)
Processing BioProject 770962 (338/658)
Processing BioProject 770675 (339/658)
Processing BioProject 770523 (340/658)
Completed 340/658 studies
Processing BioProject 769126 (341/658)
Processing BioProject 768456 (342/658)
Processing BioProject 768399 (343/658)
Processing BioProject 765951 (344/658)
Processing BioProject 763584 (345/658)
Processing BioProject 763442 (346/658)
Processing BioProject 763037 (347/658)
Processing BioProject 760922 (348/658)
Processing BioProject 760480 (349/658)
Processing BioProject 759858 (350/658)
Completed 350/658 studies
Processing BioProject 756023 (351/658)
Processing BioProject 756018 (352/658)
Processing BioProject 755296 (353/658)
Processing BioProject 753865 (354/658)
Processing BioProject 753863 (355/658)
Processing BioProject 753858 (356/658)
Processing BioProject 753852 (357/658)
Processing BioProject 753845 (358/658)
Processing BioProject 753526 (359/658)
Processing BioProject 753487 (360/658)
Completed 360/658 studies
Processing BioProject 753469 (361/658)
Processing BioProject 752584 (362/658)
Processing BioProject 751389 (363/658)
Processing BioProject 751084 (364/658)
Processing BioProject 750636 (365/658)
Processing BioProject 750456 (366/658)
Processing BioProject 749454 (367/658)
Processing BioProject 749295 (368/658)
Processing BioProject 748842 (369/658)
Processing BioProject 748710 (370/658)
Completed 370/658 studies
Processing BioProject 747022 (371/658)
Processing BioProject 744888 (372/658)
Processing BioProject 743831 (373/658)
Processing BioProject 740301 (374/658)
Processing BioProject 738263 (375/658)
Processing BioProject 734953 (376/658)
Processing BioProject 734658 (377/658)
Processing BioProject 734003 (378/658)
Processing BioProject 732080 (379/658)
Processing BioProject 731067 (380/658)
Completed 380/658 studies
Processing BioProject 729871 (381/658)
Processing BioProject 729812 (382/658)
Processing BioProject 729811 (383/658)
Processing BioProject 729185 (384/658)
Processing BioProject 728841 (385/658)
Processing BioProject 725741 (386/658)
Processing BioProject 725700 (387/658)
Processing BioProject 725264 (388/658)
Processing BioProject 722238 (389/658)
Processing BioProject 720951 (390/658)
Completed 390/658 studies
Processing BioProject 720892 (391/658)
Processing BioProject 720671 (392/658)
Processing BioProject 720396 (393/658)
Processing BioProject 718868 (394/658)
Processing BioProject 717063 (395/658)
Processing BioProject 717060 (396/658)
Processing BioProject 716630 (397/658)
Processing BioProject 715464 (398/658)
Processing BioProject 714407 (399/658)
Processing BioProject 713923 (400/658)
Completed 400/658 studies
Processing BioProject 713922 (401/658)
Processing BioProject 707431 (402/658)
Error processing BioProject 707431: 414 Client Error: Request-URI Too Long for url: https://eutils.ncbi.nlm.nih.gov/entrez/eutils/efetch.fcgi?db=sra&id=707431%2C13392568%2C13392567%2C13392566%2C13392565%2C13392564%2C13392563%2C13392562%2C13392561%2C13392560%2C13392559%2C13392558%2C13392557%2C13392556%2C13392555%2C13392554%2C13392553%2C13392552%2C13392551%2C13392550%2C13392549%2C13392548%2C13392547%2C13392546%2C13392545%2C13392544%2C13392543%2C13392542%2C13392541%2C13392540%2C13392539%2C13392538%2C13392537%2C13392536%2C13392535%2C13392534%2C13392533%2C13392532%2C13392531%2C13392530%2C13392529%2C13392528%2C13392527%2C13392526%2C13392525%2C13392524%2C13392523%2C13392522%2C13392521%2C13392520%2C13392519%2C13392518%2C13392517%2C13392516%2C13392515%2C13392514%2C13392513%2C13392512%2C13392511%2C13392510%2C13392509%2C13392508%2C13392507%2C13392506%2C13392505%2C13392504%2C13392503%2C13392502%2C13392501%2C13392500%2C13392499%2C13392498%2C13392497%2C13392496%2C13392495%2C13392494%2C13392493%2C13392492%2C13392491%2C13392490%2C13392489%2C13392488%2C13392487%2C13392486%2C13392485%2C13392484%2C13392483%2C13392482%2C13392481%2C13392480%2C13392479%2C13392478%2C13392477%2C13392476%2C13392475%2C13392474%2C13392473%2C13392472%2C13392471%2C13392470%2C13392469%2C13392468%2C13392467%2C13392466%2C13392465%2C13392464%2C13392463%2C13392462%2C13392461%2C13392460%2C13392459%2C13392458%2C13392457%2C13392456%2C13392455%2C13392454%2C13392453%2C13392452%2C13392451%2C13392450%2C13392449%2C13392448%2C13392447%2C13392446%2C13392445%2C13392444%2C13392443%2C13392442%2C13392441%2C13392440%2C13392439%2C13392438%2C13392437%2C13392436%2C13392435%2C13392434%2C13392433%2C13392432%2C13392431%2C13392430%2C13392429%2C13392428%2C13392427%2C13392426%2C13392425%2C13392424%2C13392423%2C13392422%2C13392421%2C13392420%2C13392419%2C13392418%2C13392417%2C13392416%2C13392415%2C13392414%2C13392413%2C13392412%2C13392411%2C13392410%2C13392409%2C13392408%2C13392407%2C13392406%2C13392405%2C13392404%2C13392403%2C13392402%2C13392401%2C13392400%2C13392399%2C13392398%2C13392397%2C13392396%2C13392395%2C13392394%2C13392393%2C13392392%2C13392391%2C13392390%2C13392389%2C13392388%2C13392387%2C13392386%2C13392385%2C13392384%2C13392383%2C13392382%2C13392381%2C13392380%2C13392379%2C13392378%2C13392377%2C13392376%2C13392375%2C13392374%2C13392373%2C13392372%2C13392371%2C13392370%2C13392369%2C13392368%2C13392367%2C13392366%2C13392365%2C13392568%2C13392567%2C13392566%2C13392565%2C13392564%2C13392563%2C13392562%2C13392561%2C13392560%2C13392559%2C13392558%2C13392557%2C13392556%2C13392555%2C13392554%2C13392553%2C13392552%2C13392551%2C13392550%2C13392549%2C13392548%2C13392547%2C13392546%2C13392545%2C13392544%2C13392543%2C13392542%2C13392541%2C13392540%2C13392539%2C13392538%2C13392537%2C13392536%2C13392535%2C13392534%2C13392533%2C13392532%2C13392531%2C13392530%2C13392529%2C13392528%2C13392527%2C13392526%2C13392525%2C13392524%2C13392523%2C13392522%2C13392521%2C13392520%2C13392519%2C13392518%2C13392517%2C13392516%2C13392515%2C13392514%2C13392513%2C13392512%2C13392511%2C13392510%2C13392509%2C13392508%2C13392507%2C13392506%2C13392505%2C13392504%2C13392503%2C13392502%2C13392501%2C13392500%2C13392499%2C13392498%2C13392497%2C13392496%2C13392495%2C13392494%2C13392493%2C13392492%2C13392491%2C13392490%2C13392489%2C13392488%2C13392487%2C13392486%2C13392485%2C13392484%2C13392483%2C13392482%2C13392481%2C13392480%2C13392479%2C13392478%2C13392477%2C13392476%2C13392475%2C13392474%2C13392473%2C13392472%2C13392471%2C13392470%2C13392469%2C13392468%2C13392467%2C13392466%2C13392465%2C13392464%2C13392463%2C13392462%2C13392461%2C13392460%2C13392459%2C13392458%2C13392457%2C13392456%2C13392455%2C13392454%2C13392453%2C13392452%2C13392451%2C13392450%2C13392449%2C13392448%2C13392447%2C13392446%2C13392445%2C13392444%2C13392443%2C13392442%2C13392441%2C13392440%2C13392439%2C13392438%2C13392437%2C13392436%2C13392435%2C13392434%2C13392433%2C13392432%2C13392431%2C13392430%2C13392429%2C13392428%2C13392427%2C13392426%2C13392425%2C13392424%2C13392423%2C13392422%2C13392421%2C13392420%2C13392419%2C13392418%2C13392417%2C13392416%2C13392415%2C13392414%2C13392413%2C13392412%2C13392411%2C13392410%2C13392409%2C13392408%2C13392407%2C13392406%2C13392405%2C13392404%2C13392403%2C13392402%2C13392401%2C13392400%2C13392399%2C13392398%2C13392397%2C13392396%2C13392395%2C13392394%2C13392393%2C13392392%2C13392391%2C13392390%2C13392389%2C13392388%2C13392387%2C13392386%2C13392385%2C13392384%2C13392383%2C13392382%2C13392381%2C13392380%2C13392379%2C13392378%2C13392377%2C13392376%2C13392375%2C13392374%2C13392373%2C13392372%2C13392371%2C13392370%2C13392369%2C13392368%2C13392367%2C13392366%2C13392365&retmode=xml
Processing BioProject 706704 (403/658)
Processing BioProject 706468 (404/658)
Processing BioProject 705358 (405/658)
Processing BioProject 704908 (406/658)
Processing BioProject 704712 (407/658)
Processing BioProject 704316 (408/658)
Processing BioProject 702293 (409/658)
Processing BioProject 702160 (410/658)
Completed 410/658 studies
Processing BioProject 701951 (411/658)
Processing BioProject 701895 (412/658)
Processing BioProject 701894 (413/658)
Processing BioProject 701625 (414/658)
Processing BioProject 701262 (415/658)
Processing BioProject 700841 (416/658)
Processing BioProject 699598 (417/658)
Processing BioProject 697913 (418/658)
Processing BioProject 694918 (419/658)
Processing BioProject 692108 (420/658)
Completed 420/658 studies
Processing BioProject 689830 (421/658)
Processing BioProject 680357 (422/658)
Processing BioProject 677972 (423/658)
Processing BioProject 677870 (424/658)
Processing BioProject 676161 (425/658)
Processing BioProject 676083 (426/658)
Processing BioProject 676082 (427/658)
Processing BioProject 674211 (428/658)
Processing BioProject 672952 (429/658)
Processing BioProject 670552 (430/658)
Completed 430/658 studies
Processing BioProject 669814 (431/658)
Processing BioProject 669197 (432/658)
Processing BioProject 668384 (433/658)
Processing BioProject 668372 (434/658)
Processing BioProject 668327 (435/658)
Processing BioProject 667952 (436/658)
Processing BioProject 667075 (437/658)
Processing BioProject 667051 (438/658)
Processing BioProject 666973 (439/658)
Processing BioProject 664109 (440/658)
Completed 440/658 studies
Processing BioProject 661558 (441/658)
Processing BioProject 659038 (442/658)
Processing BioProject 656190 (443/658)
Processing BioProject 655955 (444/658)
Processing BioProject 655835 (445/658)
Processing BioProject 651888 (446/658)
Processing BioProject 651887 (447/658)
Processing BioProject 651886 (448/658)
Processing BioProject 651885 (449/658)
Processing BioProject 651884 (450/658)
Completed 450/658 studies
Processing BioProject 651883 (451/658)
Processing BioProject 651882 (452/658)
Processing BioProject 651881 (453/658)
Processing BioProject 651880 (454/658)
Processing BioProject 651879 (455/658)
Processing BioProject 651878 (456/658)
Processing BioProject 651877 (457/658)
Processing BioProject 651876 (458/658)
Processing BioProject 651875 (459/658)
Processing BioProject 651874 (460/658)
Completed 460/658 studies
Processing BioProject 649776 (461/658)
Processing BioProject 649449 (462/658)
Processing BioProject 649426 (463/658)
Processing BioProject 649003 (464/658)
Processing BioProject 649002 (465/658)
Processing BioProject 649001 (466/658)
Processing BioProject 648998 (467/658)
Processing BioProject 648398 (468/658)
Processing BioProject 648380 (469/658)
Processing BioProject 648316 (470/658)
Completed 470/658 studies
Processing BioProject 648109 (471/658)
Processing BioProject 647736 (472/658)
Processing BioProject 647327 (473/658)
Processing BioProject 646470 (474/658)
Processing BioProject 645135 (475/658)
Processing BioProject 645024 (476/658)
Processing BioProject 641624 (477/658)
Processing BioProject 639716 (478/658)
Processing BioProject 639554 (479/658)
Processing BioProject 635830 (480/658)
Completed 480/658 studies
Processing BioProject 634994 (481/658)
Processing BioProject 634332 (482/658)
Processing BioProject 633140 (483/658)
Processing BioProject 630973 (484/658)
Processing BioProject 630709 (485/658)
Processing BioProject 630259 (486/658)
Processing BioProject 627881 (487/658)
Processing BioProject 624906 (488/658)
Processing BioProject 623612 (489/658)
Processing BioProject 622261 (490/658)
Completed 490/658 studies
Processing BioProject 615808 (491/658)
Processing BioProject 615003 (492/658)
Processing BioProject 615002 (493/658)
Processing BioProject 612239 (494/658)
Processing BioProject 611824 (495/658)
Processing BioProject 611610 (496/658)
Processing BioProject 611609 (497/658)
Processing BioProject 609216 (498/658)
Processing BioProject 606888 (499/658)
Processing BioProject 605444 (500/658)
Completed 500/658 studies
Processing BioProject 605114 (501/658)
Processing BioProject 604580 (502/658)
Processing BioProject 604169 (503/658)
Processing BioProject 604168 (504/658)
Processing BioProject 603355 (505/658)
Processing BioProject 603339 (506/658)
Processing BioProject 602676 (507/658)
Processing BioProject 602407 (508/658)
Processing BioProject 601135 (509/658)
Processing BioProject 600267 (510/658)
Completed 510/658 studies
Processing BioProject 599788 (511/658)
Processing BioProject 599422 (512/658)
Processing BioProject 598453 (513/658)
Processing BioProject 598362 (514/658)
Processing BioProject 598359 (515/658)
Processing BioProject 598159 (516/658)
Processing BioProject 594022 (517/658)
Processing BioProject 591767 (518/658)
Processing BioProject 591214 (519/658)
Processing BioProject 589466 (520/658)
Completed 520/658 studies
Processing BioProject 575406 (521/658)
Processing BioProject 564290 (522/658)
Processing BioProject 563539 (523/658)
Processing BioProject 561206 (524/658)
Processing BioProject 549629 (525/658)
Processing BioProject 549205 (526/658)
Processing BioProject 548813 (527/658)
Processing BioProject 548154 (528/658)
Processing BioProject 546183 (529/658)
Processing BioProject 545844 (530/658)
Completed 530/658 studies
Processing BioProject 545050 (531/658)
Processing BioProject 543873 (532/658)
Processing BioProject 543399 (533/658)
Processing BioProject 541924 (534/658)
Processing BioProject 541324 (535/658)
Processing BioProject 540869 (536/658)
Processing BioProject 533074 (537/658)
Processing BioProject 531262 (538/658)
Processing BioProject 530508 (539/658)
Processing BioProject 529885 (540/658)
Completed 540/658 studies
Processing BioProject 528488 (541/658)
Error processing BioProject 528488: 414 Client Error: Request-URI Too Long for url: https://eutils.ncbi.nlm.nih.gov/entrez/eutils/efetch.fcgi?db=sra&id=528488%2C7498459%2C7498458%2C7498457%2C7498456%2C7498455%2C7498454%2C7498453%2C7498452%2C7498451%2C7498450%2C7498449%2C7498448%2C7498447%2C7498446%2C7498445%2C7498444%2C7498443%2C7498442%2C7498441%2C7498440%2C7498439%2C7498438%2C7498437%2C7498436%2C7498435%2C7498434%2C7498433%2C7498432%2C7498431%2C7498430%2C7498429%2C7498428%2C7498427%2C7498426%2C7498425%2C7498424%2C7498423%2C7498422%2C7498421%2C7498420%2C7498419%2C7498418%2C7498417%2C7498416%2C7498415%2C7498414%2C7498413%2C7498412%2C7498411%2C7498410%2C7498409%2C7498408%2C7498407%2C7498406%2C7498405%2C7498404%2C7498403%2C7498402%2C7498401%2C7498400%2C7498399%2C7498398%2C7498397%2C7498396%2C7498395%2C7498394%2C7498393%2C7498392%2C7498391%2C7498390%2C7498389%2C7498388%2C7498387%2C7498386%2C7498385%2C7498384%2C7498383%2C7498382%2C7498381%2C7498380%2C7498379%2C7498378%2C7498376%2C7498375%2C7498373%2C7498370%2C7498369%2C7498368%2C7498367%2C7498365%2C7498364%2C7498363%2C7498361%2C7498360%2C7498359%2C7498358%2C7498357%2C7498356%2C7498355%2C7498354%2C7498353%2C7498352%2C7498351%2C7498350%2C7498349%2C7498348%2C7498347%2C7498346%2C7498345%2C7498344%2C7498343%2C7498342%2C7498341%2C7498340%2C7498339%2C7498338%2C7498337%2C7498336%2C7498335%2C7498334%2C7498333%2C7498332%2C7498331%2C7498330%2C7498329%2C7498328%2C7498327%2C7498326%2C7498325%2C7498324%2C7498323%2C7498322%2C7498321%2C7498320%2C7498319%2C7498318%2C7498317%2C7498316%2C7498315%2C7498314%2C7498313%2C7498312%2C7498311%2C7498310%2C7498309%2C7498308%2C7498307%2C7498306%2C7498305%2C7498304%2C7498303%2C7498302%2C7498301%2C7498300%2C7498299%2C7498298%2C7498297%2C7498296%2C7498295%2C7498294%2C7498293%2C7498292%2C7498291%2C7498290%2C7498289%2C7498288%2C7498287%2C7498286%2C7498285%2C7498284%2C7498283%2C7498282%2C7498281%2C7498280%2C7498279%2C7498278%2C7498277%2C7498276%2C7498275%2C7498274%2C7498273%2C7498272%2C7498271%2C7498270%2C7498269%2C7498268%2C7498267%2C7498266%2C7498265%2C7498264%2C7498263%2C7498262%2C7498261%2C7498260%2C7498259%2C7498258%2C7498257%2C7498256%2C7498255%2C7498254%2C7498253%2C7498252%2C7498251%2C7498250%2C7498249%2C7498248%2C7498247%2C7498246%2C7498245%2C7498244%2C7498243%2C7498242%2C7498241%2C7498240%2C7498239%2C7498238%2C7498237%2C7498236%2C7498235%2C7498234%2C7498233%2C7498232%2C7498231%2C7498230%2C7498229%2C7498228%2C7498227%2C7498226%2C7498225%2C7498224%2C7498223%2C7498459%2C7498458%2C7498457%2C7498456%2C7498455%2C7498454%2C7498453%2C7498452%2C7498451%2C7498450%2C7498449%2C7498448%2C7498447%2C7498446%2C7498445%2C7498444%2C7498443%2C7498442%2C7498441%2C7498440%2C7498439%2C7498438%2C7498437%2C7498436%2C7498435%2C7498434%2C7498433%2C7498432%2C7498431%2C7498430%2C7498429%2C7498428%2C7498427%2C7498426%2C7498425%2C7498424%2C7498423%2C7498422%2C7498421%2C7498420%2C7498419%2C7498418%2C7498417%2C7498416%2C7498415%2C7498414%2C7498413%2C7498412%2C7498411%2C7498410%2C7498409%2C7498408%2C7498407%2C7498406%2C7498405%2C7498404%2C7498403%2C7498402%2C7498401%2C7498400%2C7498399%2C7498398%2C7498397%2C7498396%2C7498395%2C7498394%2C7498393%2C7498392%2C7498391%2C7498390%2C7498389%2C7498388%2C7498387%2C7498386%2C7498385%2C7498384%2C7498383%2C7498382%2C7498381%2C7498380%2C7498379%2C7498378%2C7498376%2C7498375%2C7498373%2C7498370%2C7498369%2C7498368%2C7498367%2C7498365%2C7498364%2C7498363%2C7498361%2C7498360%2C7498359%2C7498358%2C7498357%2C7498356%2C7498355%2C7498354%2C7498353%2C7498352%2C7498351%2C7498350%2C7498349%2C7498348%2C7498347%2C7498346%2C7498345%2C7498344%2C7498343%2C7498342%2C7498341%2C7498340%2C7498339%2C7498338%2C7498337%2C7498336%2C7498335%2C7498334%2C7498333%2C7498332%2C7498331%2C7498330%2C7498329%2C7498328%2C7498327%2C7498326%2C7498325%2C7498324%2C7498323%2C7498322%2C7498321%2C7498320%2C7498319%2C7498318%2C7498317%2C7498316%2C7498315%2C7498314%2C7498313%2C7498312%2C7498311%2C7498310%2C7498309%2C7498308%2C7498307%2C7498306%2C7498305%2C7498304%2C7498303%2C7498302%2C7498301%2C7498300%2C7498299%2C7498298%2C7498297%2C7498296%2C7498295%2C7498294%2C7498293%2C7498292%2C7498291%2C7498290%2C7498289%2C7498288%2C7498287%2C7498286%2C7498285%2C7498284%2C7498283%2C7498282%2C7498281%2C7498280%2C7498279%2C7498278%2C7498277%2C7498276%2C7498275%2C7498274%2C7498273%2C7498272%2C7498271%2C7498270%2C7498269%2C7498268%2C7498267%2C7498266%2C7498265%2C7498264%2C7498263%2C7498262%2C7498261%2C7498260%2C7498259%2C7498258%2C7498257%2C7498256%2C7498255%2C7498254%2C7498253%2C7498252%2C7498251%2C7498250%2C7498249%2C7498248%2C7498247%2C7498246%2C7498245%2C7498244%2C7498243%2C7498242%2C7498241%2C7498240%2C7498239%2C7498238%2C7498237%2C7498236%2C7498235%2C7498234%2C7498233%2C7498232%2C7498231%2C7498230%2C7498229%2C7498228%2C7498227%2C7498226%2C7498225%2C7498224%2C7498223&retmode=xml
Processing BioProject 527113 (542/658)
Processing BioProject 522816 (543/658)
Processing BioProject 517458 (544/658)
Processing BioProject 515538 (545/658)
Processing BioProject 514710 (546/658)
Processing BioProject 512837 (547/658)
Processing BioProject 512491 (548/658)
Processing BioProject 511473 (549/658)
Processing BioProject 511455 (550/658)
Completed 550/658 studies
Processing BioProject 510796 (551/658)
Processing BioProject 509424 (552/658)
Processing BioProject 509230 (553/658)
Processing BioProject 509065 (554/658)
Processing BioProject 507085 (555/658)
Processing BioProject 506724 (556/658)
Processing BioProject 505061 (557/658)
Processing BioProject 504034 (558/658)
Processing BioProject 503765 (559/658)
Processing BioProject 499089 (560/658)
Completed 560/658 studies
Processing BioProject 497718 (561/658)
Processing BioProject 497255 (562/658)
Processing BioProject 490682 (563/658)
Processing BioProject 490651 (564/658)
Processing BioProject 489275 (565/658)
Processing BioProject 488955 (566/658)
Processing BioProject 486172 (567/658)
Processing BioProject 484227 (568/658)
Processing BioProject 484185 (569/658)
Processing BioProject 480788 (570/658)
Completed 570/658 studies
Processing BioProject 480786 (571/658)
Processing BioProject 478760 (572/658)
Processing BioProject 478730 (573/658)
Processing BioProject 477865 (574/658)
Processing BioProject 473925 (575/658)
Processing BioProject 473812 (576/658)
Processing BioProject 473808 (577/658)
Processing BioProject 472015 (578/658)
Processing BioProject 471907 (579/658)
Processing BioProject 471667 (580/658)
Completed 580/658 studies
Processing BioProject 470579 (581/658)
Processing BioProject 459526 (582/658)
Processing BioProject 445733 (583/658)
Processing BioProject 445453 (584/658)
Processing BioProject 438445 (585/658)
Processing BioProject 435567 (586/658)
Processing BioProject 430558 (587/658)
Processing BioProject 419768 (588/658)
Processing BioProject 419532 (589/658)
Processing BioProject 417116 (590/658)
Completed 590/658 studies
Processing BioProject 416661 (591/658)
Processing BioProject 415033 (592/658)
Processing BioProject 414611 (593/658)
Processing BioProject 413138 (594/658)
Processing BioProject 412874 (595/658)
Processing BioProject 412617 (596/658)
Processing BioProject 406823 (597/658)
Processing BioProject 403993 (598/658)
Processing BioProject 400151 (599/658)
Processing BioProject 400150 (600/658)
Completed 600/658 studies
Processing BioProject 398285 (601/658)
Processing BioProject 397543 (602/658)
Processing BioProject 397035 (603/658)
Processing BioProject 396698 (604/658)
Processing BioProject 396456 (605/658)
Processing BioProject 395723 (606/658)
Processing BioProject 395570 (607/658)
Processing BioProject 395016 (608/658)
Processing BioProject 391171 (609/658)
Processing BioProject 389599 (610/658)
Completed 610/658 studies
Processing BioProject 385767 (611/658)
Processing BioProject 379448 (612/658)
Processing BioProject 379447 (613/658)
Processing BioProject 379292 (614/658)
Processing BioProject 378669 (615/658)
Processing BioProject 377088 (616/658)
Processing BioProject 375080 (617/658)
Processing BioProject 371312 (618/658)
Processing BioProject 369756 (619/658)
Processing BioProject 358868 (620/658)
Completed 620/658 studies
Processing BioProject 358815 (621/658)
Processing BioProject 356772 (622/658)
Processing BioProject 351825 (623/658)
Processing BioProject 347980 (624/658)
Processing BioProject 342301 (625/658)
Processing BioProject 342004 (626/658)
Processing BioProject 327113 (627/658)
Processing BioProject 326128 (628/658)
Processing BioProject 321304 (629/658)
Processing BioProject 321201 (630/658)
Completed 630/658 studies
Processing BioProject 321057 (631/658)
Processing BioProject 303186 (632/658)
Processing BioProject 299048 (633/658)
Processing BioProject 299045 (634/658)
Processing BioProject 297338 (635/658)
Processing BioProject 297039 (636/658)
Processing BioProject 296059 (637/658)
Processing BioProject 295955 (638/658)
Processing BioProject 295556 (639/658)
Processing BioProject 289569 (640/658)
Completed 640/658 studies
Processing BioProject 278390 (641/658)
Processing BioProject 275185 (642/658)
Processing BioProject 271437 (643/658)
Processing BioProject 266079 (644/658)
Processing BioProject 263261 (645/658)
Processing BioProject 262909 (646/658)
Processing BioProject 259844 (647/658)
Processing BioProject 258156 (648/658)
Processing BioProject 255669 (649/658)
Processing BioProject 230612 (650/658)
Completed 650/658 studies
Processing BioProject 230611 (651/658)
Processing BioProject 230610 (652/658)
Processing BioProject 230574 (653/658)
Processing BioProject 208993 (654/658)
Processing BioProject 196335 (655/658)
Processing BioProject 193543 (656/658)
Processing BioProject 182756 (657/658)
Processing BioProject 173092 (658/658)
