Polling ERA35900782 (prj_GCA_000001405.28_2026_02) ...
EXISTS: ERA35900782 (alias already registered)
Polling ERA35900787 (aln1_test) ...
ERROR: ERA35900787 rejected by ENA:
<?xml version="1.0" encoding="UTF-8"?>
<?xml-stylesheet type="text/xsl" href="receipt.xsl"?>
<RECEIPT receiptDate="2026-02-26T15:53:30.319Z" submissionFile="submission-EMBL-EBI_1772121210319.xml" success="false">
     <ANALYSIS alias="aln1_test" status="PRIVATE"/>
     <SUBMISSION alias="SUBMISSION-26-02-2026-15:53:30:153"/>
     <MESSAGES>
          <ERROR>In study reference, accession: "prj_GCA_000001405.28_2026_02". Failed to find referenced study, accession "prj_GCA_000001405.28_2026_02".</ERROR>
          <ERROR>In study reference, accession: "prj_GCA_000001405.28_2026_02". Failed to find referenced project, accession "prj_GCA_000001405.28_2026_02".</ERROR>
          <INFO>This submission is a TEST submission and will be discarded within 24 hours</INFO>
     </MESSAGES>
     <ACTIONS>ADD</ACTIONS>
</RECEIPT>
Polling ERA35900786 (aln2_test) ...
ERROR: ERA35900786 rejected by ENA:
<?xml version="1.0" encoding="UTF-8"?>
<?xml-stylesheet type="text/xsl" href="receipt.xsl"?>
<RECEIPT receiptDate="2026-02-26T15:53:30.316Z" submissionFile="submission-EMBL-EBI_1772121210317.xml" success="false">
     <ANALYSIS alias="aln2_test" status="PRIVATE"/>
     <SUBMISSION alias="SUBMISSION-26-02-2026-15:53:30:162"/>
     <MESSAGES>
          <ERROR>In study reference, accession: "prj_GCA_000001405.28_2026_02". Failed to find referenced study, accession "prj_GCA_000001405.28_2026_02".</ERROR>
          <ERROR>In study reference, accession: "prj_GCA_000001405.28_2026_02". Failed to find referenced project, accession "prj_GCA_000001405.28_2026_02".</ERROR>
          <INFO>This submission is a TEST submission and will be discarded within 24 hours</INFO>
     </MESSAGES>
     <ACTIONS>ADD</ACTIONS>
</RECEIPT>
